Archive member included because of file (symbol)

g:/eclipse_uc/avr/winavr/bin/../lib/gcc/avr/4.3.3/../../../../avr/lib/avr5\libprintf_flt.a(vfprintf_flt.o)
                              (vfprintf)
g:/eclipse_uc/avr/winavr/bin/../lib/gcc/avr/4.3.3/avr5\libgcc.a(_mulsi3.o)
                              ./pid.o (__mulsi3)
g:/eclipse_uc/avr/winavr/bin/../lib/gcc/avr/4.3.3/avr5\libgcc.a(_divmodhi4.o)
                              ./pid.o (__divmodhi4)
g:/eclipse_uc/avr/winavr/bin/../lib/gcc/avr/4.3.3/avr5\libgcc.a(_divmodsi4.o)
                              ./pid.o (__divmodsi4)
g:/eclipse_uc/avr/winavr/bin/../lib/gcc/avr/4.3.3/avr5\libgcc.a(_prologue.o)
                              g:/eclipse_uc/avr/winavr/bin/../lib/gcc/avr/4.3.3/../../../../avr/lib/avr5\libprintf_flt.a(vfprintf_flt.o) (__prologue_saves__)
g:/eclipse_uc/avr/winavr/bin/../lib/gcc/avr/4.3.3/avr5\libgcc.a(_epilogue.o)
                              g:/eclipse_uc/avr/winavr/bin/../lib/gcc/avr/4.3.3/../../../../avr/lib/avr5\libprintf_flt.a(vfprintf_flt.o) (__epilogue_restores__)
g:/eclipse_uc/avr/winavr/bin/../lib/gcc/avr/4.3.3/avr5\libgcc.a(_exit.o)
                              g:/eclipse_uc/avr/winavr/bin/../lib/gcc/avr/4.3.3/../../../../avr/lib/avr5/crtm328p.o (exit)
g:/eclipse_uc/avr/winavr/bin/../lib/gcc/avr/4.3.3/avr5\libgcc.a(_clear_bss.o)
                              ./main.o (__do_clear_bss)
g:/eclipse_uc/avr/winavr/bin/../lib/gcc/avr/4.3.3/avr5\libgcc.a(_udivmodhi4.o)
                              g:/eclipse_uc/avr/winavr/bin/../lib/gcc/avr/4.3.3/avr5\libgcc.a(_divmodhi4.o) (__udivmodhi4)
g:/eclipse_uc/avr/winavr/bin/../lib/gcc/avr/4.3.3/avr5\libgcc.a(_udivmodsi4.o)
                              g:/eclipse_uc/avr/winavr/bin/../lib/gcc/avr/4.3.3/avr5\libgcc.a(_divmodsi4.o) (__udivmodsi4)
g:/eclipse_uc/avr/winavr/bin/../lib/gcc/avr/4.3.3/../../../../avr/lib/avr5\libc.a(ftoa_engine.o)
                              g:/eclipse_uc/avr/winavr/bin/../lib/gcc/avr/4.3.3/../../../../avr/lib/avr5\libprintf_flt.a(vfprintf_flt.o) (__ftoa_engine)
g:/eclipse_uc/avr/winavr/bin/../lib/gcc/avr/4.3.3/../../../../avr/lib/avr5\libc.a(strnlen_P.o)
                              g:/eclipse_uc/avr/winavr/bin/../lib/gcc/avr/4.3.3/../../../../avr/lib/avr5\libprintf_flt.a(vfprintf_flt.o) (strnlen_P)
g:/eclipse_uc/avr/winavr/bin/../lib/gcc/avr/4.3.3/../../../../avr/lib/avr5\libc.a(strnlen.o)
                              g:/eclipse_uc/avr/winavr/bin/../lib/gcc/avr/4.3.3/../../../../avr/lib/avr5\libprintf_flt.a(vfprintf_flt.o) (strnlen)
g:/eclipse_uc/avr/winavr/bin/../lib/gcc/avr/4.3.3/../../../../avr/lib/avr5\libc.a(fputc.o)
                              g:/eclipse_uc/avr/winavr/bin/../lib/gcc/avr/4.3.3/../../../../avr/lib/avr5\libprintf_flt.a(vfprintf_flt.o) (fputc)
g:/eclipse_uc/avr/winavr/bin/../lib/gcc/avr/4.3.3/../../../../avr/lib/avr5\libc.a(ultoa_invert.o)
                              g:/eclipse_uc/avr/winavr/bin/../lib/gcc/avr/4.3.3/../../../../avr/lib/avr5\libprintf_flt.a(vfprintf_flt.o) (__ultoa_invert)

Allocating common symbols
Common symbol       size              file

sineTableIndex      0x2               ./main.o
current             0x1               ./main.o
speedInput          0x1               ./main.o
fastFlags           0x1               ./main.o

Memory Configuration

Name             Origin             Length             Attributes
text             0x00000000         0x00020000         xr
data             0x00800060         0x0000ffa0         rw !x
eeprom           0x00810000         0x00010000         rw !x
fuse             0x00820000         0x00000400         rw !x
lock             0x00830000         0x00000400         rw !x
signature        0x00840000         0x00000400         rw !x
*default*        0x00000000         0xffffffff

Linker script and memory map

Address of section .data set to 0x800100
LOAD g:/eclipse_uc/avr/winavr/bin/../lib/gcc/avr/4.3.3/../../../../avr/lib/avr5/crtm328p.o
LOAD ./main.o
LOAD ./pid.o
LOAD g:/eclipse_uc/avr/winavr/bin/../lib/gcc/avr/4.3.3/../../../../avr/lib/avr5\libm.a
LOAD g:/eclipse_uc/avr/winavr/bin/../lib/gcc/avr/4.3.3/../../../../avr/lib/avr5\libprintf_flt.a
LOAD g:/eclipse_uc/avr/winavr/bin/../lib/gcc/avr/4.3.3/avr5\libgcc.a
LOAD g:/eclipse_uc/avr/winavr/bin/../lib/gcc/avr/4.3.3/../../../../avr/lib/avr5\libc.a
LOAD g:/eclipse_uc/avr/winavr/bin/../lib/gcc/avr/4.3.3/avr5\libgcc.a

.hash
 *(.hash)

.dynsym
 *(.dynsym)

.dynstr
 *(.dynstr)

.gnu.version
 *(.gnu.version)

.gnu.version_d
 *(.gnu.version_d)

.gnu.version_r
 *(.gnu.version_r)

.rel.init
 *(.rel.init)

.rela.init
 *(.rela.init)

.rel.text
 *(.rel.text)
 *(.rel.text.*)
 *(.rel.gnu.linkonce.t*)

.rela.text
 *(.rela.text)
 *(.rela.text.*)
 *(.rela.gnu.linkonce.t*)

.rel.fini
 *(.rel.fini)

.rela.fini
 *(.rela.fini)

.rel.rodata
 *(.rel.rodata)
 *(.rel.rodata.*)
 *(.rel.gnu.linkonce.r*)

.rela.rodata
 *(.rela.rodata)
 *(.rela.rodata.*)
 *(.rela.gnu.linkonce.r*)

.rel.data
 *(.rel.data)
 *(.rel.data.*)
 *(.rel.gnu.linkonce.d*)

.rela.data
 *(.rela.data)
 *(.rela.data.*)
 *(.rela.gnu.linkonce.d*)

.rel.ctors
 *(.rel.ctors)

.rela.ctors
 *(.rela.ctors)

.rel.dtors
 *(.rel.dtors)

.rela.dtors
 *(.rela.dtors)

.rel.got
 *(.rel.got)

.rela.got
 *(.rela.got)

.rel.bss
 *(.rel.bss)

.rela.bss
 *(.rela.bss)

.rel.plt
 *(.rel.plt)

.rela.plt
 *(.rela.plt)

.text           0x00000000     0x17cc
 *(.vectors)
 .vectors       0x00000000       0x68 g:/eclipse_uc/avr/winavr/bin/../lib/gcc/avr/4.3.3/../../../../avr/lib/avr5/crtm328p.o
                0x00000000                __vectors
                0x00000000                __vector_default
 *(.vectors)
 *(.progmem.gcc*)
 *(.progmem*)
 .progmem.data  0x00000068      0x48e ./main.o
                0x000004d6                CSOffsetsForward
                0x000004b8                blockCommutationTableReverse
                0x000004c8                expectedHallSequenceForward
                0x000004cf                expectedHallSequenceReverse
                0x000004e6                CSOffsetsReverse
                0x00000068                sineTable
                0x000004a8                blockCommutationTableForward
                0x000002a8                divisionTable
 .progmem.data  0x000004f6        0x8 g:/eclipse_uc/avr/winavr/bin/../lib/gcc/avr/4.3.3/../../../../avr/lib/avr5\libprintf_flt.a(vfprintf_flt.o)
 .progmem.data  0x000004fe       0xfa g:/eclipse_uc/avr/winavr/bin/../lib/gcc/avr/4.3.3/../../../../avr/lib/avr5\libc.a(ftoa_engine.o)
                0x000005f8                . = ALIGN (0x2)
                0x000005f8                __trampolines_start = .
 *(.trampolines)
 .trampolines   0x000005f8        0x0 linker stubs
 *(.trampolines*)
                0x000005f8                __trampolines_end = .
 *(.jumptables)
 *(.jumptables*)
 *(.lowtext)
 *(.lowtext*)
                0x000005f8                __ctors_start = .
 *(.ctors)
                0x000005f8                __ctors_end = .
                0x000005f8                __dtors_start = .
 *(.dtors)
                0x000005f8                __dtors_end = .
 SORT(*)(.ctors)
 SORT(*)(.dtors)
 *(.init0)
 .init0         0x000005f8        0x0 g:/eclipse_uc/avr/winavr/bin/../lib/gcc/avr/4.3.3/../../../../avr/lib/avr5/crtm328p.o
                0x000005f8                __init
 *(.init0)
 *(.init1)
 *(.init1)
 *(.init2)
 .init2         0x000005f8        0xc g:/eclipse_uc/avr/winavr/bin/../lib/gcc/avr/4.3.3/../../../../avr/lib/avr5/crtm328p.o
 *(.init2)
 *(.init3)
 *(.init3)
 *(.init4)
 .init4         0x00000604       0x10 g:/eclipse_uc/avr/winavr/bin/../lib/gcc/avr/4.3.3/avr5\libgcc.a(_clear_bss.o)
                0x00000604                __do_clear_bss
 *(.init4)
 *(.init5)
 *(.init5)
 *(.init6)
 *(.init6)
 *(.init7)
 *(.init7)
 *(.init8)
 *(.init8)
 *(.init9)
 .init9         0x00000614        0x8 g:/eclipse_uc/avr/winavr/bin/../lib/gcc/avr/4.3.3/../../../../avr/lib/avr5/crtm328p.o
 *(.init9)
 *(.text)
 .text          0x0000061c        0x4 g:/eclipse_uc/avr/winavr/bin/../lib/gcc/avr/4.3.3/../../../../avr/lib/avr5/crtm328p.o
                0x0000061c                __vector_22
                0x0000061c                __vector_1
                0x0000061c                __vector_24
                0x0000061c                __vector_12
                0x0000061c                __bad_interrupt
                0x0000061c                __vector_6
                0x0000061c                __vector_3
                0x0000061c                __vector_23
                0x0000061c                __vector_25
                0x0000061c                __vector_11
                0x0000061c                __vector_13
                0x0000061c                __vector_17
                0x0000061c                __vector_19
                0x0000061c                __vector_7
                0x0000061c                __vector_4
                0x0000061c                __vector_9
                0x0000061c                __vector_2
                0x0000061c                __vector_15
                0x0000061c                __vector_8
                0x0000061c                __vector_14
                0x0000061c                __vector_16
                0x0000061c                __vector_18
                0x0000061c                __vector_20
 .text          0x00000620        0x0 ./main.o
 .text          0x00000620        0x0 ./pid.o
 .text          0x00000620        0x0 g:/eclipse_uc/avr/winavr/bin/../lib/gcc/avr/4.3.3/../../../../avr/lib/avr5\libprintf_flt.a(vfprintf_flt.o)
 .text          0x00000620        0x0 g:/eclipse_uc/avr/winavr/bin/../lib/gcc/avr/4.3.3/avr5\libgcc.a(_mulsi3.o)
 .text          0x00000620        0x0 g:/eclipse_uc/avr/winavr/bin/../lib/gcc/avr/4.3.3/avr5\libgcc.a(_divmodhi4.o)
 .text          0x00000620        0x0 g:/eclipse_uc/avr/winavr/bin/../lib/gcc/avr/4.3.3/avr5\libgcc.a(_divmodsi4.o)
 .text          0x00000620        0x0 g:/eclipse_uc/avr/winavr/bin/../lib/gcc/avr/4.3.3/avr5\libgcc.a(_prologue.o)
 .text          0x00000620        0x0 g:/eclipse_uc/avr/winavr/bin/../lib/gcc/avr/4.3.3/avr5\libgcc.a(_epilogue.o)
 .text          0x00000620        0x0 g:/eclipse_uc/avr/winavr/bin/../lib/gcc/avr/4.3.3/avr5\libgcc.a(_exit.o)
 .text          0x00000620        0x0 g:/eclipse_uc/avr/winavr/bin/../lib/gcc/avr/4.3.3/avr5\libgcc.a(_clear_bss.o)
 .text          0x00000620        0x0 g:/eclipse_uc/avr/winavr/bin/../lib/gcc/avr/4.3.3/avr5\libgcc.a(_udivmodhi4.o)
 .text          0x00000620        0x0 g:/eclipse_uc/avr/winavr/bin/../lib/gcc/avr/4.3.3/avr5\libgcc.a(_udivmodsi4.o)
 .text          0x00000620        0x0 g:/eclipse_uc/avr/winavr/bin/../lib/gcc/avr/4.3.3/../../../../avr/lib/avr5\libc.a(ftoa_engine.o)
 .text          0x00000620        0x0 g:/eclipse_uc/avr/winavr/bin/../lib/gcc/avr/4.3.3/../../../../avr/lib/avr5\libc.a(strnlen_P.o)
 .text          0x00000620        0x0 g:/eclipse_uc/avr/winavr/bin/../lib/gcc/avr/4.3.3/../../../../avr/lib/avr5\libc.a(strnlen.o)
 .text          0x00000620        0x0 g:/eclipse_uc/avr/winavr/bin/../lib/gcc/avr/4.3.3/../../../../avr/lib/avr5\libc.a(fputc.o)
 .text          0x00000620        0x0 g:/eclipse_uc/avr/winavr/bin/../lib/gcc/avr/4.3.3/../../../../avr/lib/avr5\libc.a(ultoa_invert.o)
                0x00000620                . = ALIGN (0x2)
 *(.text.*)
 .text.main     0x00000620       0xa2 ./main.o
                0x00000620                main
 .text.__vector_5
                0x000006c2       0xb2 ./main.o
                0x000006c2                __vector_5
 .text.__vector_10
                0x00000774      0x282 ./main.o
                0x00000774                __vector_10
 .text.__vector_21
                0x000009f6       0x44 ./main.o
                0x000009f6                __vector_21
 .text.PID_Init
                0x00000a3a       0x82 ./pid.o
                0x00000a3a                PID_Init
 .text.PID_Controller
                0x00000abc      0x18e ./pid.o
                0x00000abc                PID_Controller
 .text.PID_Reset_Integrator
                0x00000c4a        0xc ./pid.o
                0x00000c4a                PID_Reset_Integrator
 .text.avr-libc
                0x00000c56      0x70e g:/eclipse_uc/avr/winavr/bin/../lib/gcc/avr/4.3.3/../../../../avr/lib/avr5\libprintf_flt.a(vfprintf_flt.o)
                0x00000c56                vfprintf
 .text.libgcc   0x00001364       0x3e g:/eclipse_uc/avr/winavr/bin/../lib/gcc/avr/4.3.3/avr5\libgcc.a(_mulsi3.o)
                0x00001364                __mulsi3
 .text.libgcc   0x000013a2       0x26 g:/eclipse_uc/avr/winavr/bin/../lib/gcc/avr/4.3.3/avr5\libgcc.a(_divmodhi4.o)
                0x000013a2                __divmodhi4
                0x000013a2                _div
 .text.libgcc   0x000013c8       0x36 g:/eclipse_uc/avr/winavr/bin/../lib/gcc/avr/4.3.3/avr5\libgcc.a(_divmodsi4.o)
                0x000013c8                __divmodsi4
 .text.libgcc   0x000013fe       0x38 g:/eclipse_uc/avr/winavr/bin/../lib/gcc/avr/4.3.3/avr5\libgcc.a(_prologue.o)
                0x000013fe                __prologue_saves__
 .text.libgcc   0x00001436       0x36 g:/eclipse_uc/avr/winavr/bin/../lib/gcc/avr/4.3.3/avr5\libgcc.a(_epilogue.o)
                0x00001436                __epilogue_restores__
 .text.libgcc   0x0000146c        0x0 g:/eclipse_uc/avr/winavr/bin/../lib/gcc/avr/4.3.3/avr5\libgcc.a(_exit.o)
 .text.libgcc   0x0000146c        0x0 g:/eclipse_uc/avr/winavr/bin/../lib/gcc/avr/4.3.3/avr5\libgcc.a(_clear_bss.o)
 .text.libgcc   0x0000146c       0x28 g:/eclipse_uc/avr/winavr/bin/../lib/gcc/avr/4.3.3/avr5\libgcc.a(_udivmodhi4.o)
                0x0000146c                __udivmodhi4
 .text.libgcc   0x00001494       0x44 g:/eclipse_uc/avr/winavr/bin/../lib/gcc/avr/4.3.3/avr5\libgcc.a(_udivmodsi4.o)
                0x00001494                __udivmodsi4
 .text.avr-libc
                0x000014d8      0x1b0 g:/eclipse_uc/avr/winavr/bin/../lib/gcc/avr/4.3.3/../../../../avr/lib/avr5\libc.a(ftoa_engine.o)
                0x000014d8                __ftoa_engine
 .text.avr-libc
                0x00001688       0x16 g:/eclipse_uc/avr/winavr/bin/../lib/gcc/avr/4.3.3/../../../../avr/lib/avr5\libc.a(strnlen_P.o)
                0x00001688                strnlen_P
 .text.avr-libc
                0x0000169e       0x16 g:/eclipse_uc/avr/winavr/bin/../lib/gcc/avr/4.3.3/../../../../avr/lib/avr5\libc.a(strnlen.o)
                0x0000169e                strnlen
 .text.avr-libc
                0x000016b4       0x58 g:/eclipse_uc/avr/winavr/bin/../lib/gcc/avr/4.3.3/../../../../avr/lib/avr5\libc.a(fputc.o)
                0x000016b4                fputc
 .text.avr-libc
                0x0000170c       0xbc g:/eclipse_uc/avr/winavr/bin/../lib/gcc/avr/4.3.3/../../../../avr/lib/avr5\libc.a(ultoa_invert.o)
                0x0000170c                __ultoa_invert
                0x000017c8                . = ALIGN (0x2)
 *(.fini9)
 .fini9         0x000017c8        0x0 g:/eclipse_uc/avr/winavr/bin/../lib/gcc/avr/4.3.3/avr5\libgcc.a(_exit.o)
                0x000017c8                exit
                0x000017c8                _exit
 *(.fini9)
 *(.fini8)
 *(.fini8)
 *(.fini7)
 *(.fini7)
 *(.fini6)
 *(.fini6)
 *(.fini5)
 *(.fini5)
 *(.fini4)
 *(.fini4)
 *(.fini3)
 *(.fini3)
 *(.fini2)
 *(.fini2)
 *(.fini1)
 *(.fini1)
 *(.fini0)
 .fini0         0x000017c8        0x4 g:/eclipse_uc/avr/winavr/bin/../lib/gcc/avr/4.3.3/avr5\libgcc.a(_exit.o)
 *(.fini0)
                0x000017cc                _etext = .

.data           0x00800100        0x0 load address 0x000017cc
                0x00800100                PROVIDE (__data_start, .)
 *(.data)
 .data          0x00800100        0x0 g:/eclipse_uc/avr/winavr/bin/../lib/gcc/avr/4.3.3/../../../../avr/lib/avr5/crtm328p.o
 .data          0x00800100        0x0 ./main.o
 .data          0x00800100        0x0 ./pid.o
 .data          0x00800100        0x0 g:/eclipse_uc/avr/winavr/bin/../lib/gcc/avr/4.3.3/../../../../avr/lib/avr5\libprintf_flt.a(vfprintf_flt.o)
 .data          0x00800100        0x0 g:/eclipse_uc/avr/winavr/bin/../lib/gcc/avr/4.3.3/avr5\libgcc.a(_mulsi3.o)
 .data          0x00800100        0x0 g:/eclipse_uc/avr/winavr/bin/../lib/gcc/avr/4.3.3/avr5\libgcc.a(_divmodhi4.o)
 .data          0x00800100        0x0 g:/eclipse_uc/avr/winavr/bin/../lib/gcc/avr/4.3.3/avr5\libgcc.a(_divmodsi4.o)
 .data          0x00800100        0x0 g:/eclipse_uc/avr/winavr/bin/../lib/gcc/avr/4.3.3/avr5\libgcc.a(_prologue.o)
 .data          0x00800100        0x0 g:/eclipse_uc/avr/winavr/bin/../lib/gcc/avr/4.3.3/avr5\libgcc.a(_epilogue.o)
 .data          0x00800100        0x0 g:/eclipse_uc/avr/winavr/bin/../lib/gcc/avr/4.3.3/avr5\libgcc.a(_exit.o)
 .data          0x00800100        0x0 g:/eclipse_uc/avr/winavr/bin/../lib/gcc/avr/4.3.3/avr5\libgcc.a(_clear_bss.o)
 .data          0x00800100        0x0 g:/eclipse_uc/avr/winavr/bin/../lib/gcc/avr/4.3.3/avr5\libgcc.a(_udivmodhi4.o)
 .data          0x00800100        0x0 g:/eclipse_uc/avr/winavr/bin/../lib/gcc/avr/4.3.3/avr5\libgcc.a(_udivmodsi4.o)
 .data          0x00800100        0x0 g:/eclipse_uc/avr/winavr/bin/../lib/gcc/avr/4.3.3/../../../../avr/lib/avr5\libc.a(ftoa_engine.o)
 .data          0x00800100        0x0 g:/eclipse_uc/avr/winavr/bin/../lib/gcc/avr/4.3.3/../../../../avr/lib/avr5\libc.a(strnlen_P.o)
 .data          0x00800100        0x0 g:/eclipse_uc/avr/winavr/bin/../lib/gcc/avr/4.3.3/../../../../avr/lib/avr5\libc.a(strnlen.o)
 .data          0x00800100        0x0 g:/eclipse_uc/avr/winavr/bin/../lib/gcc/avr/4.3.3/../../../../avr/lib/avr5\libc.a(fputc.o)
 .data          0x00800100        0x0 g:/eclipse_uc/avr/winavr/bin/../lib/gcc/avr/4.3.3/../../../../avr/lib/avr5\libc.a(ultoa_invert.o)
 *(.data*)
 *(.rodata)
 *(.rodata*)
 *(.gnu.linkonce.d*)
                0x00800100                . = ALIGN (0x2)
                0x00800100                _edata = .
                0x00800100                PROVIDE (__data_end, .)

.bss            0x00800100        0x7
                0x00800100                PROVIDE (__bss_start, .)
 *(.bss)
 .bss           0x00800100        0x0 g:/eclipse_uc/avr/winavr/bin/../lib/gcc/avr/4.3.3/../../../../avr/lib/avr5/crtm328p.o
 .bss           0x00800100        0x0 ./main.o
 .bss           0x00800100        0x0 ./pid.o
 .bss           0x00800100        0x0 g:/eclipse_uc/avr/winavr/bin/../lib/gcc/avr/4.3.3/../../../../avr/lib/avr5\libprintf_flt.a(vfprintf_flt.o)
 .bss           0x00800100        0x0 g:/eclipse_uc/avr/winavr/bin/../lib/gcc/avr/4.3.3/avr5\libgcc.a(_mulsi3.o)
 .bss           0x00800100        0x0 g:/eclipse_uc/avr/winavr/bin/../lib/gcc/avr/4.3.3/avr5\libgcc.a(_divmodhi4.o)
 .bss           0x00800100        0x0 g:/eclipse_uc/avr/winavr/bin/../lib/gcc/avr/4.3.3/avr5\libgcc.a(_divmodsi4.o)
 .bss           0x00800100        0x0 g:/eclipse_uc/avr/winavr/bin/../lib/gcc/avr/4.3.3/avr5\libgcc.a(_prologue.o)
 .bss           0x00800100        0x0 g:/eclipse_uc/avr/winavr/bin/../lib/gcc/avr/4.3.3/avr5\libgcc.a(_epilogue.o)
 .bss           0x00800100        0x0 g:/eclipse_uc/avr/winavr/bin/../lib/gcc/avr/4.3.3/avr5\libgcc.a(_exit.o)
 .bss           0x00800100        0x0 g:/eclipse_uc/avr/winavr/bin/../lib/gcc/avr/4.3.3/avr5\libgcc.a(_clear_bss.o)
 .bss           0x00800100        0x0 g:/eclipse_uc/avr/winavr/bin/../lib/gcc/avr/4.3.3/avr5\libgcc.a(_udivmodhi4.o)
 .bss           0x00800100        0x0 g:/eclipse_uc/avr/winavr/bin/../lib/gcc/avr/4.3.3/avr5\libgcc.a(_udivmodsi4.o)
 .bss           0x00800100        0x0 g:/eclipse_uc/avr/winavr/bin/../lib/gcc/avr/4.3.3/../../../../avr/lib/avr5\libc.a(ftoa_engine.o)
 .bss           0x00800100        0x0 g:/eclipse_uc/avr/winavr/bin/../lib/gcc/avr/4.3.3/../../../../avr/lib/avr5\libc.a(strnlen_P.o)
 .bss           0x00800100        0x0 g:/eclipse_uc/avr/winavr/bin/../lib/gcc/avr/4.3.3/../../../../avr/lib/avr5\libc.a(strnlen.o)
 .bss           0x00800100        0x0 g:/eclipse_uc/avr/winavr/bin/../lib/gcc/avr/4.3.3/../../../../avr/lib/avr5\libc.a(fputc.o)
 .bss           0x00800100        0x0 g:/eclipse_uc/avr/winavr/bin/../lib/gcc/avr/4.3.3/../../../../avr/lib/avr5\libc.a(ultoa_invert.o)
 *(.bss*)
 .bss.SpeedControllerRun
                0x00800100        0x1 ./main.o
                0x00800100                SpeedControllerRun
 .bss.speedRegTicks.1696
                0x00800101        0x1 ./main.o
 *(COMMON)
 COMMON         0x00800102        0x5 ./main.o
                0x00800102                sineTableIndex
                0x00800104                current
                0x00800105                speedInput
                0x00800106                fastFlags
                0x00800107                PROVIDE (__bss_end, .)
                0x000017cc                __data_load_start = LOADADDR (.data)
                0x000017cc                __data_load_end = (__data_load_start + SIZEOF (.data))

.noinit         0x00800107        0x0
                0x00800107                PROVIDE (__noinit_start, .)
 *(.noinit*)
                0x00800107                PROVIDE (__noinit_end, .)
                0x00800107                _end = .
                0x00800107                PROVIDE (__heap_start, .)

.eeprom         0x00810000        0x0
 *(.eeprom*)
                0x00810000                __eeprom_end = .

.fuse
 *(.fuse)
 *(.lfuse)
 *(.hfuse)
 *(.efuse)

.lock
 *(.lock*)

.signature
 *(.signature*)

.stab
 *(.stab)

.stabstr
 *(.stabstr)

.stab.excl
 *(.stab.excl)

.stab.exclstr
 *(.stab.exclstr)

.stab.index
 *(.stab.index)

.stab.indexstr
 *(.stab.indexstr)

.comment
 *(.comment)

.debug
 *(.debug)

.line
 *(.line)

.debug_srcinfo
 *(.debug_srcinfo)

.debug_sfnames
 *(.debug_sfnames)

.debug_aranges
 *(.debug_aranges)

.debug_pubnames
 *(.debug_pubnames)

.debug_info
 *(.debug_info)
 *(.gnu.linkonce.wi.*)

.debug_abbrev
 *(.debug_abbrev)

.debug_line
 *(.debug_line)

.debug_frame
 *(.debug_frame)

.debug_str
 *(.debug_str)

.debug_loc
 *(.debug_loc)

.debug_macinfo
 *(.debug_macinfo)
OUTPUT(Motorsteuerung_PWM.elf elf32-avr)
LOAD linker stubs
